C:\Users\sohan\AppData\Local\Packages\PythonSoftwareFoundation.Python.3.13_qbz5n2kfra8p0\LocalCache\local-packages\Python313\site-packages\webrtcvad.py:1: UserWarning: pkg_resources is deprecated as an API. See https://setuptools.pypa.io/en/latest/pkg_resources.html. The pkg_resources package is slated for removal as early as 2025-11-30. Refrain from using this package or pin to Setuptools<81.
  import pkg_resources
Loading WeSep extractor + ECAPA-TDNN verifier...
Verification threshold: 0.4111

==========================================================================================
1. SAME SPEAKER (n=3, expected pred=1)
==========================================================================================
  clip  0: direct=1(score=0.645)  extract=1(score=0.614)  combined=1
  clip  1: direct=1(score=0.634)  extract=1(score=0.637)  combined=1
  clip  2: direct=1(score=0.638)  extract=1(score=0.641)  combined=1

  direct-verify alone:      3/3 (100%)
  extract-then-verify alone: 3/3 (100%)
  combined logic:            3/3 (100%)
  disagreement rate:         0/3 (0%) -- clips []

==========================================================================================
2. SAME-GENDER OVERLAP (n=7, expected pred=1)
==========================================================================================
  clip  0: direct=1(score=0.642)  extract=1(score=0.742)  combined=1
  clip  1: direct=0(score=0.201)  extract=0(score=0.324)  combined=0
  clip  2: direct=0(score=0.254)  extract=0(score=0.277)  combined=0
  clip  3: direct=0(score=0.399)  extract=1(score=0.673)  combined=0 <-- DISAGREE
  clip  4: direct=0(score=0.342)  extract=1(score=0.466)  combined=0 <-- DISAGREE
  clip  5: direct=0(score=0.247)  extract=1(score=0.620)  combined=0 <-- DISAGREE
  clip  6: direct=0(score=0.208)  extract=1(score=0.568)  combined=0 <-- DISAGREE

  direct-verify alone:      1/7 (14%)
  extract-then-verify alone: 5/7 (71%)
  combined logic:            1/7 (14%)
  disagreement rate:         4/7 (57%) -- clips [3, 4, 5, 6]

==========================================================================================
3. DIFFERENT-GENDER OVERLAP (n=19, expected pred=1)
==========================================================================================
  clip  0: direct=0(score=0.097)  extract=1(score=0.462)  combined=0 <-- DISAGREE
  clip  1: direct=0(score=0.119)  extract=1(score=0.500)  combined=0 <-- DISAGREE
  clip  2: direct=1(score=0.529)  extract=1(score=0.645)  combined=1
  clip  3: direct=0(score=0.247)  extract=1(score=0.636)  combined=0 <-- DISAGREE
  clip  4: direct=0(score=0.163)  extract=1(score=0.571)  combined=0 <-- DISAGREE
  clip  5: direct=1(score=0.462)  extract=1(score=0.578)  combined=1
  clip  6: direct=0(score=0.188)  extract=1(score=0.610)  combined=0 <-- DISAGREE
  clip  7: direct=0(score=0.351)  extract=1(score=0.462)  combined=0 <-- DISAGREE
  clip  8: direct=0(score=0.231)  extract=1(score=0.473)  combined=0 <-- DISAGREE
  clip  9: direct=0(score=0.250)  extract=1(score=0.553)  combined=0 <-- DISAGREE
  clip 10: direct=0(score=0.386)  extract=1(score=0.637)  combined=0 <-- DISAGREE
  clip 11: direct=0(score=0.134)  extract=0(score=0.349)  combined=0
  clip 12: direct=0(score=0.109)  extract=1(score=0.501)  combined=0 <-- DISAGREE
  clip 13: direct=0(score=0.137)  extract=1(score=0.513)  combined=0 <-- DISAGREE
  clip 14: direct=0(score=0.130)  extract=1(score=0.519)  combined=0 <-- DISAGREE
  clip 15: direct=0(score=0.164)  extract=1(score=0.705)  combined=0 <-- DISAGREE
  clip 16: direct=0(score=0.163)  extract=1(score=0.588)  combined=0 <-- DISAGREE
  clip 17: direct=0(score=0.081)  extract=1(score=0.605)  combined=0 <-- DISAGREE
  clip 18: direct=0(score=0.121)  extract=1(score=0.608)  combined=0 <-- DISAGREE

  direct-verify alone:      2/19 (11%)
  extract-then-verify alone: 18/19 (95%)
  combined logic:            2/19 (11%)
  disagreement rate:         16/19 (84%) -- clips [0, 1, 3, 4, 6, 7, 8, 9, 10, 12, 13, 14, 15, 16, 17, 18]

==========================================================================================
KEY CHECK: the known wrong-speaker-extraction case (1dfa86f's same-gender clip 2)
==========================================================================================
  clip 2: direct-verify pred=0 (score=0.2539)  extract-then-verify pred=0 (score=0.2766)  combined=0
  Direct-verify ALREADY rejects this clip on its own -- the AND-gate's 'require agreement'
  rule catches it for free, without needing to solve WeSep's underlying wrong-speaker
  extraction failure mode at all. This is the corroboration design doing its job.

==========================================================================================
LATENCY (real, per-clip, running BOTH signals)
==========================================================================================
  direct-verify only:        mean=0.654s
  WeSep extraction:          mean=1.309s
  verify on extracted audio: mean=0.636s
  TOTAL (both signals):      n=29 mean=2.599s median=2.423s max=4.135s
  Added cost vs. direct-verify alone: +1.945s/clip

==========================================================================================
SUMMARY TABLE
==========================================================================================
Condition                    n    Direct   Extract  Combined    Disagree
Same speaker                 3        3/3        3/3        3/3         0/3
Same-gender overlap          7        1/7        5/7        1/7         4/7
Different-gender overlap    19        2/19       18/19        2/19        16/19

==========================================================================================
HONEST SCOPE STATEMENT (mandatory)
==========================================================================================
  Synthetic, TTS-constructed overlap only -- not real recorded audio. n=7/n=19 remain small
  samples (one flipped clip moves same-gender by ~14 points, different-gender by ~5 points).
  This validates the DESIGN PATTERN (corroboration neutralizes the known wrong-speaker-
  extraction failure mode without needing to solve it) more than it proves a specific
  production-ready accuracy number -- that would need a larger, ideally real-audio pass.

==========================================================================================
GO / NO-GO
==========================================================================================
  Different-gender combined result holds near the 95% extract-only result (>=90%): False (2/19)
  Same-gender combined does not regress below direct-verify alone: True (1/7 vs 1/7)
  Known wrong-speaker-extraction clip is neutralized by combined logic: True

  RECOMMENDATION: NO-GO -- gaps remain, see above
